// Jest Snapshot v1, https://goo.gl/fbAQLP

exports[`Card should match snapshot 1`] = `
<div>
  <div
    class="card"
    data-testid="card"
  >
    <div
      class="container"
    >
      <h4>
        <b>
          hi
        </b>
      </h4>
      <p>
        hii srishti
      </p>
    </div>
  </div>
</div>
`;
